
> ai-packaging-optimizer@1.0.0 test
> jest

node.exe : PASS src/utils/__tests__/logger.test.ts (6.189 s)
At line:1 char:1
+ & "C:\Program Files\nodejs/node.exe" "C:\Program Files\nodejs/node_mo ...
+ ~~~~~~~~~~~~~~~~~~~~~~~~~~~~~~~~~~~~~~~~~~~~~~~~~~~~~~~~~~~~~~~~~~~~~
    + CategoryInfo          : NotSpecified: (PASS src/utils/...st.ts (6.189 s):String) [], RemoteException
    + FullyQualifiedErrorId : NativeCommandError
 
  Logger
    ΓêÜ should be defined (14 ms)
    ΓêÜ should have required log methods (2 ms)

[32minfo[39m: Database connected successfully {"service":"packaging-optimizer","timestamp":"2026-02-20 22:00:21"}
[32minfo[39m: Database connected successfully {"service":"packaging-optimizer","timestamp":"2026-02-20 22:00:22"}
[32minfo[39m: Database connected successfully {"service":"packaging-optimizer","timestamp":"2026-02-20 22:00:22"}
FAIL src/services/__tests__/BaselineSimulator.test.ts (7.067 s)
  BaselineSimulator
    simulateBaselinePacking
      ΓêÜ should select next larger box when optimized box is smallest (56 ms)
      ΓêÜ should select next larger box when optimized box is middle size (32 ms)
      ├ù should use same box when optimized box is already the largest (39 ms)
      ΓêÜ should calculate baseline costs correctly (23 ms)
      ΓêÜ should ensure baseline cost is always >= optimized cost (46 ms)
      ΓêÜ should preserve order ID in baseline result (29 ms)
      ΓêÜ should throw error when optimized result is invalid (27 ms)
      ├ù should handle different volumetric divisors correctly (16 ms)
      ├ù should handle different shipping rates correctly (9 ms)
      ├ù should handle multiple items with different quantities (17 ms)
      ├ù should work with edge case: very small items (14 ms)
      ├ù should represent realistic manual oversized packing behavior (9 ms)

  ΓùÅ BaselineSimulator ΓÇ║ simulateBaselinePacking ΓÇ║ should use same box when optimized box is already the largest

    expect(received).toBe(expected) // Object.is equality

    Expected: "021b1362-86fc-4b74-bb44-ca80695a8976"
    Received: "0f6134d6-3861-401f-9b59-39d4cd2a6cf2"

    [0m [90m 150 |[39m       [36mconst[39m optimizedResult [33m=[39m [36mawait[39m packingEngine[33m.[39moptimizeOrder(order[33m,[39m 
defaultConfig)
     [90m 151 |[39m       expect(optimizedResult[33m.[39misValid)[33m.[39mtoBe([36mtrue[39m)
    [31m[1m>[22m[39m[90m 152 |[39m       expect(optimizedResult[33m.[39mselectedBox[33m.[39mid)[33m.[39mtoBe(largeBox[33m.[39mid)
     [90m     |[39m                                              [31m[1m^[22m[39m
     [90m 153 |[39m
     [90m 154 |[39m       [90m// Simulate baseline[39m
     [90m 155 |[39m       [36mconst[39m baselineResult [33m=[39m [36mawait[39m baselineSimulator[33m.[39msimulateBaselinePacking([0m

      at Object.<anonymous> (src/services/__tests__/BaselineSimulator.test.ts:152:46)

  ΓùÅ BaselineSimulator ΓÇ║ simulateBaselinePacking ΓÇ║ should handle different volumetric divisors correctly

    No active boxes available in catalog

    [0m [90m 38 |[39m
     [90m 39 |[39m     [36mif[39m (allBoxes[33m.[39mlength [33m===[39m [35m0[39m) {
    [31m[1m>[22m[39m[90m 40 |[39m       [36mthrow[39m [36mnew[39m [33mError[39m([32m'No active boxes available in catalog'[39m)
     [90m    |[39m             [31m[1m^[22m[39m
     [90m 41 |[39m     }
     [90m 42 |[39m
     [90m 43 |[39m     [90m// Find the position of the optimized box in the sorted list[39m[0m

      at BaselineSimulator.simulateBaselinePacking (src/services/BaselineSimulator.ts:40:13)
      at Object.<anonymous> (src/services/__tests__/BaselineSimulator.test.ts:356:32)

  ΓùÅ BaselineSimulator ΓÇ║ simulateBaselinePacking ΓÇ║ should handle different shipping rates correctly

    Cannot simulate baseline for invalid optimized result

    [0m [90m 29 |[39m     [90m// Validate preconditions[39m
     [90m 30 |[39m     [36mif[39m ([33m![39moptimizedResult[33m.[39misValid) {
    [31m[1m>[22m[39m[90m 31 |[39m       [36mthrow[39m [36mnew[39m [33mError[39m([32m'Cannot simulate baseline for invalid optimized 
result'[39m)
     [90m    |[39m             [31m[1m^[22m[39m
     [90m 32 |[39m     }
     [90m 33 |[39m
     [90m 34 |[39m     [36mconst[39m optimizedBox [33m=[39m optimizedResult[33m.[39mselectedBox[0m

      at BaselineSimulator.simulateBaselinePacking (src/services/BaselineSimulator.ts:31:13)
      at Object.<anonymous> (src/services/__tests__/BaselineSimulator.test.ts:401:56)

  ΓùÅ BaselineSimulator ΓÇ║ simulateBaselinePacking ΓÇ║ should handle multiple items with different quantities

    expect(received).toBe(expected) // Object.is equality

    Expected: true
    Received: false

    [0m [90m 437 |[39m
     [90m 438 |[39m       [36mconst[39m optimizedResult [33m=[39m [36mawait[39m packingEngine[33m.[39moptimizeOrder(order[33m,[39m 
defaultConfig)
    [31m[1m>[22m[39m[90m 439 |[39m       expect(optimizedResult[33m.[39misValid)[33m.[39mtoBe([36mtrue[39m)
     [90m     |[39m                                       [31m[1m^[22m[39m
     [90m 440 |[39m
     [90m 441 |[39m       [36mconst[39m baselineResult [33m=[39m [36mawait[39m baselineSimulator[33m.[39msimulateBaselinePacking(
     [90m 442 |[39m         order[33m,[39m[0m

      at Object.<anonymous> (src/services/__tests__/BaselineSimulator.test.ts:439:39)

  ΓùÅ BaselineSimulator ΓÇ║ simulateBaselinePacking ΓÇ║ should work with edge case: very small items

    expect(received).toBe(expected) // Object.is equality

    Expected: true
    Received: false

    [0m [90m 469 |[39m
     [90m 470 |[39m       [36mconst[39m optimizedResult [33m=[39m [36mawait[39m packingEngine[33m.[39moptimizeOrder(order[33m,[39m 
defaultConfig)
    [31m[1m>[22m[39m[90m 471 |[39m       expect(optimizedResult[33m.[39misValid)[33m.[39mtoBe([36mtrue[39m)
     [90m     |[39m                                       [31m[1m^[22m[39m
     [90m 472 |[39m
     [90m 473 |[39m       [36mconst[39m baselineResult [33m=[39m [36mawait[39m baselineSimulator[33m.[39msimulateBaselinePacking(
     [90m 474 |[39m         order[33m,[39m[0m

      at Object.<anonymous> (src/services/__tests__/BaselineSimulator.test.ts:471:39)

  ΓùÅ BaselineSimulator ΓÇ║ simulateBaselinePacking ΓÇ║ should represent realistic manual oversized packing behavior

    Cannot simulate baseline for invalid optimized result

    [0m [90m 29 |[39m     [90m// Validate preconditions[39m
     [90m 30 |[39m     [36mif[39m ([33m![39moptimizedResult[33m.[39misValid) {
    [31m[1m>[22m[39m[90m 31 |[39m       [36mthrow[39m [36mnew[39m [33mError[39m([32m'Cannot simulate baseline for invalid optimized 
result'[39m)
     [90m    |[39m             [31m[1m^[22m[39m
     [90m 32 |[39m     }
     [90m 33 |[39m
     [90m 34 |[39m     [36mconst[39m optimizedBox [33m=[39m optimizedResult[33m.[39mselectedBox[0m

      at BaselineSimulator.simulateBaselinePacking (src/services/BaselineSimulator.ts:31:13)
      at Object.<anonymous> (src/services/__tests__/BaselineSimulator.test.ts:504:54)

FAIL src/services/__tests__/PackingEngine.test.ts (7.203 s)
  PackingEngine
    calculateTotalDimensions
      ΓêÜ should calculate dimensions for single item (30 ms)
      ΓêÜ should calculate dimensions for multiple items with vertical stacking (28 ms)
      ΓêÜ should sort items by volume descending (5 ms)
      ΓêÜ should throw error for empty items array (53 ms)
      ΓêÜ should throw error for negative buffer padding (12 ms)
    calculateVolumetricWeight
      ΓêÜ should calculate volumetric weight correctly (5 ms)
      ΓêÜ should throw error for non-positive divisor (8 ms)
    calculateBillableWeight
      ΓêÜ should return actual weight when greater than volumetric (4 ms)
      ΓêÜ should return volumetric weight when greater than actual (6 ms)
      ΓêÜ should return same value when weights are equal (5 ms)
      ΓêÜ should throw error for negative actual weight (5 ms)
    optimizeOrder
      ├ù should optimize single-item order successfully (32 ms)
      ├ù should optimize multi-item order successfully (8 ms)
      ├ù should select smallest suitable box (27 ms)
      ΓêÜ should return invalid result when no suitable box exists (11 ms)
      ├ù should calculate shipping cost correctly (11 ms)
      ΓêÜ should handle edge case with very small items (11 ms)
    optimizeBatch
      ΓêÜ should process multiple orders successfully (17 ms)
      ├ù should continue processing on individual failures (18 ms)
      ΓêÜ should calculate aggregate metrics correctly (19 ms)
    validatePacking
      ΓêÜ should validate successful packing (5 ms)
      ΓêÜ should invalidate packing when dimensions exceed box (12 ms)
      ΓêÜ should invalidate packing when weight exceeds box capacity (8 ms)

  ΓùÅ PackingEngine ΓÇ║ optimizeOrder ΓÇ║ should optimize single-item order successfully

    expect(received).toBe(expected) // Object.is equality

    Expected: true
    Received: false

    [0m [90m 237 |[39m       [36mconst[39m result [33m=[39m [36mawait[39m packingEngine[33m.[39moptimizeOrder(order[33m,[39m 
defaultConfig)
     [90m 238 |[39m
    [31m[1m>[22m[39m[90m 239 |[39m       expect(result[33m.[39misValid)[33m.[39mtoBe([36mtrue[39m)
     [90m     |[39m                              [31m[1m^[22m[39m
     [90m 240 |[39m       expect(result[33m.[39mselectedBox[33m.[39mname)[33m.[39mtoBe([32m'Small'[39m)
     [90m 241 |[39m       expect(result[33m.[39mtotalWeight)[33m.[39mtoBe([35m3[39m)
     [90m 242 |[39m       expect(result[33m.[39mbillableWeight)[33m.[39mtoBeGreaterThanOrEqual([35m3[39m)[0m

      at Object.<anonymous> (src/services/__tests__/PackingEngine.test.ts:239:30)

  ΓùÅ PackingEngine ΓÇ║ optimizeOrder ΓÇ║ should optimize multi-item order successfully

    expect(received).toBe(expected) // Object.is equality

    Expected: true
    Received: false

    [0m [90m 271 |[39m       [36mconst[39m result [33m=[39m [36mawait[39m packingEngine[33m.[39moptimizeOrder(order[33m,[39m 
defaultConfig)
     [90m 272 |[39m
    [31m[1m>[22m[39m[90m 273 |[39m       expect(result[33m.[39misValid)[33m.[39mtoBe([36mtrue[39m)
     [90m     |[39m                              [31m[1m^[22m[39m
     [90m 274 |[39m       expect(result[33m.[39mtotalWeight)[33m.[39mtoBe([35m5[39m)
     [90m 275 |[39m     })
     [90m 276 |[39m[0m

      at Object.<anonymous> (src/services/__tests__/PackingEngine.test.ts:273:30)

  ΓùÅ PackingEngine ΓÇ║ optimizeOrder ΓÇ║ should select smallest suitable box

    expect(received).toBe(expected) // Object.is equality

    Expected: "Small"
    Received: "Original Box"

    [0m [90m 294 |[39m
     [90m 295 |[39m       expect(result[33m.[39misValid)[33m.[39mtoBe([36mtrue[39m)
    [31m[1m>[22m[39m[90m 296 |[39m       expect(result[33m.[39mselectedBox[33m.[39mname)[33m.[39mtoBe([32m'Small'[39m) [90m// 
Should select smallest box[39m
     [90m     |[39m                                       [31m[1m^[22m[39m
     [90m 297 |[39m     })
     [90m 298 |[39m
     [90m 299 |[39m     it([32m'should return invalid result when no suitable box exists'[39m[33m,[39m [36masync[39m () [33m=>[39m {[0m

      at Object.<anonymous> (src/services/__tests__/PackingEngine.test.ts:296:39)

  ΓùÅ PackingEngine ΓÇ║ optimizeOrder ΓÇ║ should calculate shipping cost correctly

    expect(received).toBe(expected) // Object.is equality

    Expected: true
    Received: false

    [0m [90m 338 |[39m       [36mconst[39m result [33m=[39m [36mawait[39m packingEngine[33m.[39moptimizeOrder(order[33m,[39m 
defaultConfig)
     [90m 339 |[39m
    [31m[1m>[22m[39m[90m 340 |[39m       expect(result[33m.[39misValid)[33m.[39mtoBe([36mtrue[39m)
     [90m     |[39m                              [31m[1m^[22m[39m
     [90m 341 |[39m       expect(result[33m.[39mshippingCost)[33m.[39mtoBe(result[33m.[39mbillableWeight [33m*[39m 
defaultConfig[33m.[39mshippingRatePerKg)
     [90m 342 |[39m     })
     [90m 343 |[39m[0m

      at Object.<anonymous> (src/services/__tests__/PackingEngine.test.ts:340:30)

  ΓùÅ PackingEngine ΓÇ║ optimizeBatch ΓÇ║ should continue processing on individual failures

    expect(received).toBe(expected) // Object.is equality

    Expected: 2
    Received: 1

    [0m [90m 455 |[39m
     [90m 456 |[39m       expect(result[33m.[39mtotalOrders)[33m.[39mtoBe([35m3[39m)
    [31m[1m>[22m[39m[90m 457 |[39m       expect(result[33m.[39msuccessfulPacks)[33m.[39mtoBe([35m2[39m)
     [90m     |[39m                                      [31m[1m^[22m[39m
     [90m 458 |[39m       expect(result[33m.[39mfailedPacks)[33m.[39mtoBe([35m1[39m)
     [90m 459 |[39m     })
     [90m 460 |[39m[0m

      at Object.<anonymous> (src/services/__tests__/PackingEngine.test.ts:457:38)

  console.log
    prisma:error 
    Invalid `prisma.order.create()` invocation in
    D:\AI PACKAGING OPTIMIZER\src\services\__tests__\BoxCatalogManager.test.ts:360:26
    
      357 })
      358 
      359 // Create mock orders (would normally be created by packing engine)
    ΓåÆ 360 await prisma.order.create(
    Foreign key constraint violated: `Order_userId_fkey (index)`

      at Object.mc (node_modules/@prisma/client/runtime/library.js:21:432)

FAIL src/services/__tests__/CSVParsingService.test.ts (7.784 s)
  ΓùÅ CSVParsingService ΓÇ║ uploadCSV ΓÇ║ should successfully parse valid CSV file

    expect(received).toBe(expected) // Object.is equality

    Expected: "pending"
    Received: "PENDING"

    [0m [90m 61 |[39m       expect(job[33m.[39mfileName)[33m.[39mtoBe([32m'test.csv'[39m)
     [90m 62 |[39m       expect(job[33m.[39mtotalOrders)[33m.[39mtoBe([35m2[39m) [90m// ORDER-1 and ORDER-2[39m
    [31m[1m>[22m[39m[90m 63 |[39m       expect(job[33m.[39mstatus)[33m.[39mtoBe([33mJobStatus[39m[33m.[39m[33mPENDING[39m)
     [90m    |[39m                          [31m[1m^[22m[39m
     [90m 64 |[39m     })
     [90m 65 |[39m
     [90m 66 |[39m     test([32m'should reject CSV file exceeding 50MB'[39m[33m,[39m [36masync[39m () [33m=>[39m {[0m

      at Object.<anonymous> (src/services/__tests__/CSVParsingService.test.ts:63:26)

  ΓùÅ CSVParsingService ΓÇ║ uploadCSV ΓÇ║ should skip rows with invalid quantity

    PrismaClientKnownRequestError: 
    Invalid `tx.simulationJob.create()` invocation in
    D:\AI PACKAGING OPTIMIZER\src\services\CSVParsingService.ts:238:42

      235 // Create job and orders in a transaction
      236 const result = await prisma.$transaction(async (tx) => {
      237   // Create simulation job
    ΓåÆ 238   const job = await tx.simulationJob.create(
    Foreign key constraint violated: `SimulationJob_userId_fkey (index)`

    [0m [90m 236 |[39m     [36mconst[39m result [33m=[39m [36mawait[39m prisma[33m.[39m$transaction([36masync[39m (tx) [33m=>[39m {
     [90m 237 |[39m       [90m// Create simulation job[39m
    [31m[1m>[22m[39m[90m 238 |[39m       [36mconst[39m job [33m=[39m [36mawait[39m tx[33m.[39msimulationJob[33m.[39mcreate({
     [90m     |[39m                   [31m[1m^[22m[39m
     [90m 239 |[39m         data[33m:[39m {
     [90m 240 |[39m           userId[33m,[39m
     [90m 241 |[39m           fileName[33m,[39m[0m

      at $n.handleRequestError (node_modules/@prisma/client/runtime/library.js:121:7315)
      at $n.handleAndLogRequestError (node_modules/@prisma/client/runtime/library.js:121:6623)
      at $n.request (node_modules/@prisma/client/runtime/library.js:121:6307)
      at l (node_modules/@prisma/client/runtime/library.js:130:9633)
      at src/services/CSVParsingService.ts:238:19
      at Proxy._transactionWithCallback (node_modules/@prisma/client/runtime/library.js:130:8000)
      at CSVParsingService.createSimulationJob (src/services/CSVParsingService.ts:236:20)
      at CSVParsingService.uploadCSV (src/services/CSVParsingService.ts:87:17)
      at Object.<anonymous> (src/services/__tests__/CSVParsingService.test.ts:123:19)

  ΓùÅ CSVParsingService ΓÇ║ uploadCSV ΓÇ║ should accept zero weight

    PrismaClientKnownRequestError: 
    Invalid `tx.simulationJob.create()` invocation in
    D:\AI PACKAGING OPTIMIZER\src\services\CSVParsingService.ts:238:42

      235 // Create job and orders in a transaction
      236 const result = await prisma.$transaction(async (tx) => {
      237   // Create simulation job
    ΓåÆ 238   const job = await tx.simulationJob.create(
    Foreign key constraint violated: `SimulationJob_userId_fkey (index)`

    [0m [90m 236 |[39m     [36mconst[39m result [33m=[39m [36mawait[39m prisma[33m.[39m$transaction([36masync[39m (tx) [33m=>[39m {
     [90m 237 |[39m       [90m// Create simulation job[39m
    [31m[1m>[22m[39m[90m 238 |[39m       [36mconst[39m job [33m=[39m [36mawait[39m tx[33m.[39msimulationJob[33m.[39mcreate({
     [90m     |[39m                   [31m[1m^[22m[39m
     [90m 239 |[39m         data[33m:[39m {
     [90m 240 |[39m           userId[33m,[39m
     [90m 241 |[39m           fileName[33m,[39m[0m

      at $n.handleRequestError (node_modules/@prisma/client/runtime/library.js:121:7315)
      at $n.handleAndLogRequestError (node_modules/@prisma/client/runtime/library.js:121:6623)
      at $n.request (node_modules/@prisma/client/runtime/library.js:121:6307)
      at l (node_modules/@prisma/client/runtime/library.js:130:9633)
      at src/services/CSVParsingService.ts:238:19
      at Proxy._transactionWithCallback (node_modules/@prisma/client/runtime/library.js:130:8000)
      at CSVParsingService.createSimulationJob (src/services/CSVParsingService.ts:236:20)
      at CSVParsingService.uploadCSV (src/services/CSVParsingService.ts:87:17)
      at Object.<anonymous> (src/services/__tests__/CSVParsingService.test.ts:135:19)

  ΓùÅ CSVParsingService ΓÇ║ uploadCSV ΓÇ║ should group items by order_id

    PrismaClientKnownRequestError: 
    Invalid `tx.simulationJob.create()` invocation in
    D:\AI PACKAGING OPTIMIZER\src\services\CSVParsingService.ts:238:42

      235 // Create job and orders in a transaction
      236 const result = await prisma.$transaction(async (tx) => {
      237   // Create simulation job
    ΓåÆ 238   const job = await tx.simulationJob.create(
    Foreign key constraint violated: `SimulationJob_userId_fkey (index)`

    [0m [90m 236 |[39m     [36mconst[39m result [33m=[39m [36mawait[39m prisma[33m.[39m$transaction([36masync[39m (tx) [33m=>[39m {
     [90m 237 |[39m       [90m// Create simulation job[39m
    [31m[1m>[22m[39m[90m 238 |[39m       [36mconst[39m job [33m=[39m [36mawait[39m tx[33m.[39msimulationJob[33m.[39mcreate({
     [90m     |[39m                   [31m[1m^[22m[39m
     [90m 239 |[39m         data[33m:[39m {
     [90m 240 |[39m           userId[33m,[39m
     [90m 241 |[39m           fileName[33m,[39m[0m

      at $n.handleRequestError (node_modules/@prisma/client/runtime/library.js:121:7315)
      at $n.handleAndLogRequestError (node_modules/@prisma/client/runtime/library.js:121:6623)
      at $n.request (node_modules/@prisma/client/runtime/library.js:121:6307)
      at l (node_modules/@prisma/client/runtime/library.js:130:9633)
      at src/services/CSVParsingService.ts:238:19
      at Proxy._transactionWithCallback (node_modules/@prisma/client/runtime/library.js:130:8000)
      at CSVParsingService.createSimulationJob (src/services/CSVParsingService.ts:236:20)
      at CSVParsingService.uploadCSV (src/services/CSVParsingService.ts:87:17)
      at Object.<anonymous> (src/services/__tests__/CSVParsingService.test.ts:151:19)

  ΓùÅ CSVParsingService ΓÇ║ uploadCSV ΓÇ║ should calculate total weight correctly

    PrismaClientKnownRequestError: 
    Invalid `tx.simulationJob.create()` invocation in
    D:\AI PACKAGING OPTIMIZER\src\services\CSVParsingService.ts:238:42

      235 // Create job and orders in a transaction
      236 const result = await prisma.$transaction(async (tx) => {
      237   // Create simulation job
    ΓåÆ 238   const job = await tx.simulationJob.create(
    Foreign key constraint violated: `SimulationJob_userId_fkey (index)`

    [0m [90m 236 |[39m     [36mconst[39m result [33m=[39m [36mawait[39m prisma[33m.[39m$transaction([36masync[39m (tx) [33m=>[39m {
     [90m 237 |[39m       [90m// Create simulation job[39m
    [31m[1m>[22m[39m[90m 238 |[39m       [36mconst[39m job [33m=[39m [36mawait[39m tx[33m.[39msimulationJob[33m.[39mcreate({
     [90m     |[39m                   [31m[1m^[22m[39m
     [90m 239 |[39m         data[33m:[39m {
     [90m 240 |[39m           userId[33m,[39m
     [90m 241 |[39m           fileName[33m,[39m[0m

      at $n.handleRequestError (node_modules/@prisma/client/runtime/library.js:121:7315)
      at $n.handleAndLogRequestError (node_modules/@prisma/client/runtime/library.js:121:6623)
      at $n.request (node_modules/@prisma/client/runtime/library.js:121:6307)
      at l (node_modules/@prisma/client/runtime/library.js:130:9633)
      at src/services/CSVParsingService.ts:238:19
      at Proxy._transactionWithCallback (node_modules/@prisma/client/runtime/library.js:130:8000)
      at CSVParsingService.createSimulationJob (src/services/CSVParsingService.ts:236:20)
      at CSVParsingService.uploadCSV (src/services/CSVParsingService.ts:87:17)
      at Object.<anonymous> (src/services/__tests__/CSVParsingService.test.ts:173:19)

  ΓùÅ CSVParsingService ΓÇ║ uploadCSV ΓÇ║ should handle empty order_id gracefully

    PrismaClientKnownRequestError: 
    Invalid `tx.simulationJob.create()` invocation in
    D:\AI PACKAGING OPTIMIZER\src\services\CSVParsingService.ts:238:42

      235 // Create job and orders in a transaction
      236 const result = await prisma.$transaction(async (tx) => {
      237   // Create simulation job
    ΓåÆ 238   const job = await tx.simulationJob.create(
    Foreign key constraint violated: `SimulationJob_userId_fkey (index)`

    [0m [90m 236 |[39m     [36mconst[39m result [33m=[39m [36mawait[39m prisma[33m.[39m$transaction([36masync[39m (tx) [33m=>[39m {
     [90m 237 |[39m       [90m// Create simulation job[39m
    [31m[1m>[22m[39m[90m 238 |[39m       [36mconst[39m job [33m=[39m [36mawait[39m tx[33m.[39msimulationJob[33m.[39mcreate({
     [90m     |[39m                   [31m[1m^[22m[39m
     [90m 239 |[39m         data[33m:[39m {
     [90m 240 |[39m           userId[33m,[39m
     [90m 241 |[39m           fileName[33m,[39m[0m

      at $n.handleRequestError (node_modules/@prisma/client/runtime/library.js:121:7315)
      at $n.handleAndLogRequestError (node_modules/@prisma/client/runtime/library.js:121:6623)
      at $n.request (node_modules/@prisma/client/runtime/library.js:121:6307)
      at l (node_modules/@prisma/client/runtime/library.js:130:9633)
      at src/services/CSVParsingService.ts:238:19
      at Proxy._transactionWithCallback (node_modules/@prisma/client/runtime/library.js:130:8000)
      at CSVParsingService.createSimulationJob (src/services/CSVParsingService.ts:236:20)
      at CSVParsingService.uploadCSV (src/services/CSVParsingService.ts:87:17)
      at Object.<anonymous> (src/services/__tests__/CSVParsingService.test.ts:187:19)

  ΓùÅ CSVParsingService ΓÇ║ uploadCSV ΓÇ║ should trim whitespace from order_id

    PrismaClientKnownRequestError: 
    Invalid `tx.simulationJob.create()` invocation in
    D:\AI PACKAGING OPTIMIZER\src\services\CSVParsingService.ts:238:42

      235 // Create job and orders in a transaction
      236 const result = await prisma.$transaction(async (tx) => {
      237   // Create simulation job
    ΓåÆ 238   const job = await tx.simulationJob.create(
    Foreign key constraint violated: `SimulationJob_userId_fkey (index)`

    [0m [90m 236 |[39m     [36mconst[39m result [33m=[39m [36mawait[39m prisma[33m.[39m$transaction([36masync[39m (tx) [33m=>[39m {
     [90m 237 |[39m       [90m// Create simulation job[39m
    [31m[1m>[22m[39m[90m 238 |[39m       [36mconst[39m job [33m=[39m [36mawait[39m tx[33m.[39msimulationJob[33m.[39mcreate({
     [90m     |[39m                   [31m[1m^[22m[39m
     [90m 239 |[39m         data[33m:[39m {
     [90m 240 |[39m           userId[33m,[39m
     [90m 241 |[39m           fileName[33m,[39m[0m

      at $n.handleRequestError (node_modules/@prisma/client/runtime/library.js:121:7315)
      at $n.handleAndLogRequestError (node_modules/@prisma/client/runtime/library.js:121:6623)
      at $n.request (node_modules/@prisma/client/runtime/library.js:121:6307)
      at l (node_modules/@prisma/client/runtime/library.js:130:9633)
      at src/services/CSVParsingService.ts:238:19
      at Proxy._transactionWithCallback (node_modules/@prisma/client/runtime/library.js:130:8000)
      at CSVParsingService.createSimulationJob (src/services/CSVParsingService.ts:236:20)
      at CSVParsingService.uploadCSV (src/services/CSVParsingService.ts:87:17)
      at Object.<anonymous> (src/services/__tests__/CSVParsingService.test.ts:200:19)

  ΓùÅ CSVParsingService ΓÇ║ getSimulationJob ΓÇ║ should retrieve simulation job by ID

    PrismaClientKnownRequestError: 
    Invalid `tx.simulationJob.create()` invocation in
    D:\AI PACKAGING OPTIMIZER\src\services\CSVParsingService.ts:238:42

      235 // Create job and orders in a transaction
      236 const result = await prisma.$transaction(async (tx) => {
      237   // Create simulation job
    ΓåÆ 238   const job = await tx.simulationJob.create(
    Foreign key constraint violated: `SimulationJob_userId_fkey (index)`

    [0m [90m 236 |[39m     [36mconst[39m result [33m=[39m [36mawait[39m prisma[33m.[39m$transaction([36masync[39m (tx) [33m=>[39m {
     [90m 237 |[39m       [90m// Create simulation job[39m
    [31m[1m>[22m[39m[90m 238 |[39m       [36mconst[39m job [33m=[39m [36mawait[39m tx[33m.[39msimulationJob[33m.[39mcreate({
     [90m     |[39m                   [31m[1m^[22m[39m
     [90m 239 |[39m         data[33m:[39m {
     [90m 240 |[39m           userId[33m,[39m
     [90m 241 |[39m           fileName[33m,[39m[0m

      at $n.handleRequestError (node_modules/@prisma/client/runtime/library.js:121:7315)
      at $n.handleAndLogRequestError (node_modules/@prisma/client/runtime/library.js:121:6623)
      at $n.request (node_modules/@prisma/client/runtime/library.js:121:6307)
      at l (node_modules/@prisma/client/runtime/library.js:130:9633)
      at src/services/CSVParsingService.ts:238:19
      at Proxy._transactionWithCallback (node_modules/@prisma/client/runtime/library.js:130:8000)
      at CSVParsingService.createSimulationJob (src/services/CSVParsingService.ts:236:20)
      at CSVParsingService.uploadCSV (src/services/CSVParsingService.ts:87:17)
      at Object.<anonymous> (src/services/__tests__/CSVParsingService.test.ts:215:26)

  ΓùÅ CSVParsingService ΓÇ║ getOrdersForJob ΓÇ║ should retrieve all orders for a job

    PrismaClientKnownRequestError: 
    Invalid `tx.simulationJob.create()` invocation in
    D:\AI PACKAGING OPTIMIZER\src\services\CSVParsingService.ts:238:42

      235 // Create job and orders in a transaction
      236 const result = await prisma.$transaction(async (tx) => {
      237   // Create simulation job
    ΓåÆ 238   const job = await tx.simulationJob.create(
    Foreign key constraint violated: `SimulationJob_userId_fkey (index)`

    [0m [90m 236 |[39m     [36mconst[39m result [33m=[39m [36mawait[39m prisma[33m.[39m$transaction([36masync[39m (tx) [33m=>[39m {
     [90m 237 |[39m       [90m// Create simulation job[39m
    [31m[1m>[22m[39m[90m 238 |[39m       [36mconst[39m job [33m=[39m [36mawait[39m tx[33m.[39msimulationJob[33m.[39mcreate({
     [90m     |[39m                   [31m[1m^[22m[39m
     [90m 239 |[39m         data[33m:[39m {
     [90m 240 |[39m           userId[33m,[39m
     [90m 241 |[39m           fileName[33m,[39m[0m

      at $n.handleRequestError (node_modules/@prisma/client/runtime/library.js:121:7315)
      at $n.handleAndLogRequestError (node_modules/@prisma/client/runtime/library.js:121:6623)
      at $n.request (node_modules/@prisma/client/runtime/library.js:121:6307)
      at l (node_modules/@prisma/client/runtime/library.js:130:9633)
      at src/services/CSVParsingService.ts:238:19
      at Proxy._transactionWithCallback (node_modules/@prisma/client/runtime/library.js:130:8000)
      at CSVParsingService.createSimulationJob (src/services/CSVParsingService.ts:236:20)
      at CSVParsingService.uploadCSV (src/services/CSVParsingService.ts:87:17)
      at Object.<anonymous> (src/services/__tests__/CSVParsingService.test.ts:240:19)

  ΓùÅ CSVParsingService ΓÇ║ getOrdersForJob ΓÇ║ should return empty array for job with no orders

    PrismaClientKnownRequestError: 
    Invalid `prisma.simulationJob.create()` invocation in
    D:\AI PACKAGING OPTIMIZER\src\services\__tests__\CSVParsingService.test.ts:251:46

      248 
      249 test('should return empty array for job with no orders', async () => {
      250   // Create a job manually without orders
    ΓåÆ 251   const job = await prisma.simulationJob.create(
    Foreign key constraint violated: `SimulationJob_userId_fkey (index)`

    [0m [90m 249 |[39m     test([32m'should return empty array for job with no orders'[39m[33m,[39m [36masync[39m () [33m=>[39m {
     [90m 250 |[39m       [90m// Create a job manually without orders[39m
    [31m[1m>[22m[39m[90m 251 |[39m       [36mconst[39m job [33m=[39m [36mawait[39m prisma[33m.[39msimulationJob[33m.[39mcreate({
     [90m     |[39m                   [31m[1m^[22m[39m
     [90m 252 |[39m         data[33m:[39m {
     [90m 253 |[39m           userId[33m:[39m testUserId[33m,[39m
     [90m 254 |[39m           fileName[33m:[39m [32m'empty.csv'[39m[33m,[39m[0m

      at $n.handleRequestError (node_modules/@prisma/client/runtime/library.js:121:7315)
      at $n.handleAndLogRequestError (node_modules/@prisma/client/runtime/library.js:121:6623)
      at $n.request (node_modules/@prisma/client/runtime/library.js:121:6307)
      at l (node_modules/@prisma/client/runtime/library.js:130:9633)
      at Object.<anonymous> (src/services/__tests__/CSVParsingService.test.ts:251:19)

  ΓùÅ CSVParsingService ΓÇ║ getOrdersForJob ΓÇ║ should include all item properties

    PrismaClientKnownRequestError: 
    Invalid `tx.simulationJob.create()` invocation in
    D:\AI PACKAGING OPTIMIZER\src\services\CSVParsingService.ts:238:42

      235 // Create job and orders in a transaction
      236 const result = await prisma.$transaction(async (tx) => {
      237   // Create simulation job
    ΓåÆ 238   const job = await tx.simulationJob.create(
    Foreign key constraint violated: `SimulationJob_userId_fkey (index)`

    [0m [90m 236 |[39m     [36mconst[39m result [33m=[39m [36mawait[39m prisma[33m.[39m$transaction([36masync[39m (tx) [33m=>[39m {
     [90m 237 |[39m       [90m// Create simulation job[39m
    [31m[1m>[22m[39m[90m 238 |[39m       [36mconst[39m job [33m=[39m [36mawait[39m tx[33m.[39msimulationJob[33m.[39mcreate({
     [90m     |[39m                   [31m[1m^[22m[39m
     [90m 239 |[39m         data[33m:[39m {
     [90m 240 |[39m           userId[33m,[39m
     [90m 241 |[39m           fileName[33m,[39m[0m

      at $n.handleRequestError (node_modules/@prisma/client/runtime/library.js:121:7315)
      at $n.handleAndLogRequestError (node_modules/@prisma/client/runtime/library.js:121:6623)
      at $n.request (node_modules/@prisma/client/runtime/library.js:121:6307)
      at l (node_modules/@prisma/client/runtime/library.js:130:9633)
      at src/services/CSVParsingService.ts:238:19
      at Proxy._transactionWithCallback (node_modules/@prisma/client/runtime/library.js:130:8000)
      at CSVParsingService.createSimulationJob (src/services/CSVParsingService.ts:236:20)
      at CSVParsingService.uploadCSV (src/services/CSVParsingService.ts:87:17)
      at Object.<anonymous> (src/services/__tests__/CSVParsingService.test.ts:270:19)

  ΓùÅ CSVParsingService ΓÇ║ Edge cases ΓÇ║ should handle very small dimensions

    PrismaClientKnownRequestError: 
    Invalid `tx.simulationJob.create()` invocation in
    D:\AI PACKAGING OPTIMIZER\src\services\CSVParsingService.ts:238:42

      235 // Create job and orders in a transaction
      236 const result = await prisma.$transaction(async (tx) => {
      237   // Create simulation job
    ΓåÆ 238   const job = await tx.simulationJob.create(
    Foreign key constraint violated: `SimulationJob_userId_fkey (index)`

    [0m [90m 236 |[39m     [36mconst[39m result [33m=[39m [36mawait[39m prisma[33m.[39m$transaction([36masync[39m (tx) [33m=>[39m {
     [90m 237 |[39m       [90m// Create simulation job[39m
    [31m[1m>[22m[39m[90m 238 |[39m       [36mconst[39m job [33m=[39m [36mawait[39m tx[33m.[39msimulationJob[33m.[39mcreate({
     [90m     |[39m                   [31m[1m^[22m[39m
     [90m 239 |[39m         data[33m:[39m {
     [90m 240 |[39m           userId[33m,[39m
     [90m 241 |[39m           fileName[33m,[39m[0m

      at $n.handleRequestError (node_modules/@prisma/client/runtime/library.js:121:7315)
      at $n.handleAndLogRequestError (node_modules/@prisma/client/runtime/library.js:121:6623)
      at $n.request (node_modules/@prisma/client/runtime/library.js:121:6307)
      at l (node_modules/@prisma/client/runtime/library.js:130:9633)
      at src/services/CSVParsingService.ts:238:19
      at Proxy._transactionWithCallback (node_modules/@prisma/client/runtime/library.js:130:8000)
      at CSVParsingService.createSimulationJob (src/services/CSVParsingService.ts:236:20)
      at CSVParsingService.uploadCSV (src/services/CSVParsingService.ts:87:17)
      at Object.<anonymous> (src/services/__tests__/CSVParsingService.test.ts:311:19)

  ΓùÅ CSVParsingService ΓÇ║ Edge cases ΓÇ║ should handle large dimensions

    PrismaClientKnownRequestError: 
    Invalid `tx.simulationJob.create()` invocation in
    D:\AI PACKAGING OPTIMIZER\src\services\CSVParsingService.ts:238:42

      235 // Create job and orders in a transaction
      236 const result = await prisma.$transaction(async (tx) => {
      237   // Create simulation job
    ΓåÆ 238   const job = await tx.simulationJob.create(
    Foreign key constraint violated: `SimulationJob_userId_fkey (index)`

    [0m [90m 236 |[39m     [36mconst[39m result [33m=[39m [36mawait[39m prisma[33m.[39m$transaction([36masync[39m (tx) [33m=>[39m {
     [90m 237 |[39m       [90m// Create simulation job[39m
    [31m[1m>[22m[39m[90m 238 |[39m       [36mconst[39m job [33m=[39m [36mawait[39m tx[33m.[39msimulationJob[33m.[39mcreate({
     [90m     |[39m                   [31m[1m^[22m[39m
     [90m 239 |[39m         data[33m:[39m {
     [90m 240 |[39m           userId[33m,[39m
     [90m 241 |[39m           fileName[33m,[39m[0m

      at $n.handleRequestError (node_modules/@prisma/client/runtime/library.js:121:7315)
      at $n.handleAndLogRequestError (node_modules/@prisma/client/runtime/library.js:121:6623)
      at $n.request (node_modules/@prisma/client/runtime/library.js:121:6307)
      at l (node_modules/@prisma/client/runtime/library.js:130:9633)
      at src/services/CSVParsingService.ts:238:19
      at Proxy._transactionWithCallback (node_modules/@prisma/client/runtime/library.js:130:8000)
      at CSVParsingService.createSimulationJob (src/services/CSVParsingService.ts:236:20)
      at CSVParsingService.uploadCSV (src/services/CSVParsingService.ts:87:17)
      at Object.<anonymous> (src/services/__tests__/CSVParsingService.test.ts:324:19)

  ΓùÅ CSVParsingService ΓÇ║ Edge cases ΓÇ║ should handle large quantity

    PrismaClientKnownRequestError: 
    Invalid `tx.simulationJob.create()` invocation in
    D:\AI PACKAGING OPTIMIZER\src\services\CSVParsingService.ts:238:42

      235 // Create job and orders in a transaction
      236 const result = await prisma.$transaction(async (tx) => {
      237   // Create simulation job
    ΓåÆ 238   const job = await tx.simulationJob.create(
    Foreign key constraint violated: `SimulationJob_userId_fkey (index)`

    [0m [90m 236 |[39m     [36mconst[39m result [33m=[39m [36mawait[39m prisma[33m.[39m$transaction([36masync[39m (tx) [33m=>[39m {
     [90m 237 |[39m       [90m// Create simulation job[39m
    [31m[1m>[22m[39m[90m 238 |[39m       [36mconst[39m job [33m=[39m [36mawait[39m tx[33m.[39msimulationJob[33m.[39mcreate({
     [90m     |[39m                   [31m[1m^[22m[39m
     [90m 239 |[39m         data[33m:[39m {
     [90m 240 |[39m           userId[33m,[39m
     [90m 241 |[39m           fileName[33m,[39m[0m

      at $n.handleRequestError (node_modules/@prisma/client/runtime/library.js:121:7315)
      at $n.handleAndLogRequestError (node_modules/@prisma/client/runtime/library.js:121:6623)
      at $n.request (node_modules/@prisma/client/runtime/library.js:121:6307)
      at l (node_modules/@prisma/client/runtime/library.js:130:9633)
      at src/services/CSVParsingService.ts:238:19
      at Proxy._transactionWithCallback (node_modules/@prisma/client/runtime/library.js:130:8000)
      at CSVParsingService.createSimulationJob (src/services/CSVParsingService.ts:236:20)
      at CSVParsingService.uploadCSV (src/services/CSVParsingService.ts:87:17)
      at Object.<anonymous> (src/services/__tests__/CSVParsingService.test.ts:338:19)

  ΓùÅ CSVParsingService ΓÇ║ Edge cases ΓÇ║ should handle decimal values correctly

    PrismaClientKnownRequestError: 
    Invalid `tx.simulationJob.create()` invocation in
    D:\AI PACKAGING OPTIMIZER\src\services\CSVParsingService.ts:238:42

      235 // Create job and orders in a transaction
      236 const result = await prisma.$transaction(async (tx) => {
      237   // Create simulation job
    ΓåÆ 238   const job = await tx.simulationJob.create(
    Foreign key constraint violated: `SimulationJob_userId_fkey (index)`

    [0m [90m 236 |[39m     [36mconst[39m result [33m=[39m [36mawait[39m prisma[33m.[39m$transaction([36masync[39m (tx) [33m=>[39m {
     [90m 237 |[39m       [90m// Create simulation job[39m
    [31m[1m>[22m[39m[90m 238 |[39m       [36mconst[39m job [33m=[39m [36mawait[39m tx[33m.[39msimulationJob[33m.[39mcreate({
     [90m     |[39m                   [31m[1m^[22m[39m
     [90m 239 |[39m         data[33m:[39m {
     [90m 240 |[39m           userId[33m,[39m
     [90m 241 |[39m           fileName[33m,[39m[0m

      at $n.handleRequestError (node_modules/@prisma/client/runtime/library.js:121:7315)
      at $n.handleAndLogRequestError (node_modules/@prisma/client/runtime/library.js:121:6623)
      at $n.request (node_modules/@prisma/client/runtime/library.js:121:6307)
      at l (node_modules/@prisma/client/runtime/library.js:130:9633)
      at src/services/CSVParsingService.ts:238:19
      at Proxy._transactionWithCallback (node_modules/@prisma/client/runtime/library.js:130:8000)
      at CSVParsingService.createSimulationJob (src/services/CSVParsingService.ts:236:20)
      at CSVParsingService.uploadCSV (src/services/CSVParsingService.ts:87:17)
      at Object.<anonymous> (src/services/__tests__/CSVParsingService.test.ts:352:19)


  ΓùÅ Test suite failed to run

    PrismaClientKnownRequestError: 
    Invalid `prisma.user.delete()` invocation in
    D:\AI PACKAGING OPTIMIZER\src\services\__tests__\CSVParsingService.test.ts:43:29

      40 
      41 afterAll(async () => {
      42   // Clean up test user
    ΓåÆ 43   await prisma.user.delete(
    An operation failed because it depends on one or more records that were required but not found. Record to delete does not exist.

    [0m [90m 41 |[39m   afterAll([36masync[39m () [33m=>[39m {
     [90m 42 |[39m     [90m// Clean up test user[39m
    [31m[1m>[22m[39m[90m 43 |[39m     [36mawait[39m prisma[33m.[39muser[33m.[39m[36mdelete[39m({ where[33m:[39m { id[33m:[39m 
testUserId } })
     [90m    |[39m     [31m[1m^[22m[39m
     [90m 44 |[39m     [36mawait[39m prisma[33m.[39m$disconnect()
     [90m 45 |[39m   })
     [90m 46 |[39m[0m

      at $n.handleRequestError (node_modules/@prisma/client/runtime/library.js:121:7315)
      at $n.handleAndLogRequestError (node_modules/@prisma/client/runtime/library.js:121:6623)
      at $n.request (node_modules/@prisma/client/runtime/library.js:121:6307)
      at l (node_modules/@prisma/client/runtime/library.js:130:9633)
      at Object.<anonymous> (src/services/__tests__/CSVParsingService.test.ts:43:5)

FAIL src/routes/__tests__/simulation.routes.test.ts
  ΓùÅ Test suite failed to run

    [96msrc/routes/__tests__/simulation.routes.test.ts[0m:[93m32[0m:[93m7[0m - [91merror[0m[90m TS6133: [0m'mockReportGenerator' is 
declared but its value is never read.

    [7m32[0m   let mockReportGenerator: jest.Mocked<ReportGenerator>
    [7m  [0m [91m      ~~~~~~~~~~~~~~~~~~~[0m

FAIL src/services/__tests__/BoxCatalogManager.test.ts (7.884 s)
  BoxCatalogManager
    addBox
      ΓêÜ should create a new box with valid data (153 ms)
      ΓêÜ should reject box with negative dimensions (39 ms)
      ΓêÜ should reject box with zero dimensions (7 ms)
      ΓêÜ should reject box with negative max weight (13 ms)
    updateBox
      ΓêÜ should update box properties (49 ms)
      ΓêÜ should recalculate volume when dimensions change (48 ms)
      ΓêÜ should reject invalid dimension updates (29 ms)
    deleteBox
      ΓêÜ should soft delete a box by marking it inactive (52 ms)
    getAllBoxes
      ΓêÜ should return all boxes when activeOnly is false (64 ms)
      ΓêÜ should return only active boxes when activeOnly is true (64 ms)
      ΓêÜ should return boxes sorted by volume ascending (100 ms)
    findSuitableBoxes
      ΓêÜ should find boxes that fit dimensions and weight (50 ms)
      ΓêÜ should return smallest suitable box first (44 ms)
      ΓêÜ should return empty array when no box fits (47 ms)
      ΓêÜ should exclude boxes that exceed weight limit (57 ms)
      ΓêÜ should handle different orientations (52 ms)
      ΓêÜ should only return active boxes (66 ms)
    getBoxUsageStats
      ΓêÜ should return empty array when no orders exist (22 ms)
      ├ù should calculate usage statistics correctly (131 ms)

  ΓùÅ BoxCatalogManager ΓÇ║ getBoxUsageStats ΓÇ║ should calculate usage statistics correctly

    PrismaClientKnownRequestError: 
    Invalid `prisma.order.create()` invocation in
    D:\AI PACKAGING OPTIMIZER\src\services\__tests__\BoxCatalogManager.test.ts:360:26

      357 })
      358 
      359 // Create mock orders (would normally be created by packing engine)
    ΓåÆ 360 await prisma.order.create(
    Foreign key constraint violated: `Order_userId_fkey (index)`

    [0m [90m 358 |[39m
     [90m 359 |[39m       [90m// Create mock orders (would normally be created by packing engine)[39m
    [31m[1m>[22m[39m[90m 360 |[39m       [36mawait[39m prisma[33m.[39morder[33m.[39mcreate({
     [90m     |[39m       [31m[1m^[22m[39m
     [90m 361 |[39m         data[33m:[39m {
     [90m 362 |[39m           orderId[33m:[39m [32m'ORD-001'[39m[33m,[39m
     [90m 363 |[39m           userId[33m:[39m [32m'user-1'[39m[33m,[39m[0m

      at $n.handleRequestError (node_modules/@prisma/client/runtime/library.js:121:7315)
      at $n.handleAndLogRequestError (node_modules/@prisma/client/runtime/library.js:121:6623)
      at $n.request (node_modules/@prisma/client/runtime/library.js:121:6307)
      at l (node_modules/@prisma/client/runtime/library.js:130:9633)
      at Object.<anonymous> (src/services/__tests__/BoxCatalogManager.test.ts:360:7)

FAIL src/routes/__tests__/auth.routes.integration.test.ts
  ΓùÅ Test suite failed to run

    [96msrc/routes/__tests__/auth.routes.integration.test.ts[0m:[93m6[0m:[93m1[0m - [91merror[0m[90m TS6133: [0m'Router' is declared but 
its value is never read.

    [7m6[0m import { Router } from 'express'
    [7m [0m [91m~~~~~~~~~~~~~~~~~~~~~~~~~~~~~~~~[0m

FAIL src/routes/__tests__/simulation.routes.integration.test.ts
  ΓùÅ Test suite failed to run

    [96msrc/services/AuthenticationService.ts[0m:[93m71[0m:[93m9[0m - [91merror[0m[90m TS2820: [0mType 'SubscriptionTier.FREE' is not 
assignable to type 'SubscriptionTier | undefined'. Did you mean '"FREE"'?

    [7m71[0m         subscriptionTier: SubscriptionTier.FREE,
    [7m  [0m [91m        ~~~~~~~~~~~~~~~~[0m

      [96mnode_modules/.prisma/client/index.d.ts[0m:[93m13787[0m:[93m5[0m
        [7m13787[0m     subscriptionTier?: $Enums.SubscriptionTier
        [7m     [0m [96m    ~~~~~~~~~~~~~~~~[0m
        The expected type comes from property 'subscriptionTier' which is declared here on type '(Without<UserCreateInput, 
UserUncheckedCreateInput> & UserUncheckedCreateInput) | (Without<...> & UserCreateInput)'

FAIL src/services/__tests__/BoxCatalogManager.property.test.ts
  ΓùÅ Test suite failed to run

    [96msrc/services/__tests__/BoxCatalogManager.property.test.ts[0m:[93m4[0m:[93m15[0m - [91merror[0m[90m TS6133: [0m'Dimensions' is 
declared but its value is never read.

    [7m4[0m import { Box, Dimensions } from '../../types'
    [7m [0m [91m              ~~~~~~~~~~[0m

FAIL src/routes/__tests__/auth.routes.test.ts
  ΓùÅ Test suite failed to run

    [96msrc/routes/__tests__/auth.routes.test.ts[0m:[93m6[0m:[93m1[0m - [91merror[0m[90m TS6133: [0m'AuthenticationService' is declared 
but its value is never read.

    [7m6[0m import { AuthenticationService } from '../../services/AuthenticationService'
    [7m [0m [91m~~~~~~~~~~~~~~~~~~~~~~~~~~~~~~~~~~~~~~~~~~~~~~~~~~~~~~~~~~~~~~~~~~~~~~~~~~~~[0m

FAIL src/services/__tests__/AuthenticationService.test.ts
  ΓùÅ Test suite failed to run

    [96msrc/services/AuthenticationService.ts[0m:[93m71[0m:[93m9[0m - [91merror[0m[90m TS2820: [0mType 'SubscriptionTier.FREE' is not 
assignable to type 'SubscriptionTier | undefined'. Did you mean '"FREE"'?

    [7m71[0m         subscriptionTier: SubscriptionTier.FREE,
    [7m  [0m [91m        ~~~~~~~~~~~~~~~~[0m

      [96mnode_modules/.prisma/client/index.d.ts[0m:[93m13787[0m:[93m5[0m
        [7m13787[0m     subscriptionTier?: $Enums.SubscriptionTier
        [7m     [0m [96m    ~~~~~~~~~~~~~~~~[0m
        The expected type comes from property 'subscriptionTier' which is declared here on type '(Without<UserCreateInput, 
UserUncheckedCreateInput> & UserUncheckedCreateInput) | (Without<...> & UserCreateInput)'

FAIL src/services/__tests__/BaselineSimulator.property.test.ts
  ΓùÅ Test suite failed to run

    [96msrc/services/__tests__/BaselineSimulator.property.test.ts[0m:[93m6[0m:[93m17[0m - [91merror[0m[90m TS6133: [0m'PackingConfig' is 
declared but its value is never read.

    [7m6[0m import { Order, PackingConfig, PackingResult } from '../../types'
    [7m [0m [91m                ~~~~~~~~~~~~~[0m
    [96msrc/services/__tests__/BaselineSimulator.property.test.ts[0m:[93m180[0m:[93m19[0m - [91merror[0m[90m TS6133: [0m'box' is 
declared but its value is never read.

    [7m180[0m             const box = await boxCatalogManager.addBox({
    [7m   [0m [91m                  ~~~[0m

FAIL src/routes/__tests__/box.routes.test.ts
  ΓùÅ Test suite failed to run

    [96msrc/routes/box.routes.ts[0m:[93m208[0m:[93m30[0m - [91merror[0m[90m TS2352: [0mConversion of type 'ParsedQs' to type '{ 
activeOnly: boolean; }' may be a mistake because neither type sufficiently overlaps with the other. If this was intentional, convert the 
expression to 'unknown' first.
      Property 'activeOnly' is missing in type 'ParsedQs' but required in type '{ activeOnly: boolean; }'.

    [7m208[0m       const { activeOnly } = req.query as { activeOnly: boolean }
    [7m   [0m [91m                             ~~~~~~~~~~~~~~~~~~~~~~~~~~~~~~~~~~~~[0m

      [96msrc/routes/box.routes.ts[0m:[93m208[0m:[93m45[0m
        [7m208[0m       const { activeOnly } = req.query as { activeOnly: boolean }
        [7m   [0m [96m                                            ~~~~~~~~~~[0m
        'activeOnly' is declared here.
    [96msrc/routes/box.routes.ts[0m:[93m235[0m:[93m49[0m - [91merror[0m[90m TS2352: [0mConversion of type 'ParsedQs' to type '{ length: 
number; width: number; height: number; weight: number; }' may be a mistake because neither type sufficiently overlaps with the other. If this was 
intentional, convert the expression to 'unknown' first.
      Type 'ParsedQs' is missing the following properties from type '{ length: number; width: number; height: number; weight: number; }': length, 
width, height, weight

    [7m235[0m       const { length, width, height, weight } = req.query as {
    [7m   [0m [91m                                                ~~~~~~~~~~~~~~[0m
    [7m236[0m         length: number
    [7m   [0m [91m~~~~~~~~~~~~~~~~~~~~~~[0m
    [7m...[0m 
    [7m239[0m         weight: number
    [7m   [0m [91m~~~~~~~~~~~~~~~~~~~~~~[0m
    [7m240[0m       }
    [7m   [0m [91m~~~~~~~[0m

FAIL src/services/__tests__/AuthenticationService.property.test.ts
  ΓùÅ Test suite failed to run

    [96msrc/services/__tests__/AuthenticationService.property.test.ts[0m:[93m68[0m:[93m19[0m - [91merror[0m[90m TS6133: [0m'user' is 
declared but its value is never read.

    [7m68[0m             const user = await authService.register(email, password)
    [7m  [0m [91m                  ~~~~[0m

[32minfo[39m: Database connected successfully {"service":"packaging-optimizer","timestamp":"2026-02-20 22:00:25"}
[32minfo[39m: Redis connected successfully {"service":"packaging-optimizer","timestamp":"2026-02-20 22:00:25"}
FAIL src/services/__tests__/CSVParsingService.property.test.ts (12.32 s)
  CSVParsingService Property Tests
    ├ù Property 9: All valid CSV files produce jobs with valid orders and items (4162 ms)
    ├ù Property 9: CSV parsing validates positive dimensions (93 ms)
    ├ù Property 9: CSV parsing validates non-negative weight (100 ms)
    ├ù Property 9: CSV parsing validates positive integer quantity (87 ms)
    ΓêÜ Property 9: CSV parsing groups items by order_id correctly (710 ms)

  ΓùÅ CSVParsingService Property Tests ΓÇ║ Property 9: All valid CSV files produce jobs with valid orders and items

    Property failed after 4 tests
    { seed: -631290644, path: "3:0:0:0:0:0:0:0:0:0:0:0:0:0:0", endOnFailure: true }
    Counterexample: [Buffer.from([111,114,100,101,114,95,105,100,44,105,116,101,109,95,108,101,110,103,116,104,44,105,116,101,109,95,119,105,100,11
6,104,44,105,116,101,109,95,104,101,105,103,104,116,44,105,116,101,109,95,119,101,105,103,104,116,44,113,117,97,110,116,105,116,121,10,33,44,48,46,
49,44,48,46,49,44,48,46,49,44,48,44,49]),"d8251c15-0014-1000-bfff-fffa00000009"]
    Shrunk 14 time(s)
    Got PrismaClientKnownRequestError: 
    Invalid `prisma.user.create()` invocation in
    D:\AI PACKAGING OPTIMIZER\src\services\__tests__\CSVParsingService.property.test.ts:91:27

      88 await fc.assert(
      89   fc.asyncProperty(validCSVFileArb, userIdArb, async (csvBuffer, userId) => {
      90     // Create test user
    ΓåÆ 91     await prisma.user.create(
    Unique constraint failed on the fields: (`id`)

    [0m [90m 89 |[39m       fc[33m.[39masyncProperty(validCSVFileArb[33m,[39m userIdArb[33m,[39m [36masync[39m (csvBuffer[33m,[39m 
userId) [33m=>[39m {
     [90m 90 |[39m         [90m// Create test user[39m
    [31m[1m>[22m[39m[90m 91 |[39m         [36mawait[39m prisma[33m.[39muser[33m.[39mcreate({
     [90m    |[39m         [31m[1m^[22m[39m
     [90m 92 |[39m           data[33m:[39m {
     [90m 93 |[39m             id[33m:[39m userId[33m,[39m
     [90m 94 |[39m             email[33m:[39m [32m`test-${userId}@example.com`[39m[33m,[39m[0m

      at $n.handleRequestError (node_modules/@prisma/client/runtime/library.js:121:7315)
      at $n.handleAndLogRequestError (node_modules/@prisma/client/runtime/library.js:121:6623)
      at $n.request (node_modules/@prisma/client/runtime/library.js:121:6307)
      at l (node_modules/@prisma/client/runtime/library.js:130:9633)
      at src/services/__tests__/CSVParsingService.property.test.ts:91:9
      at AsyncProperty.run (node_modules/fast-check/lib/check/property/AsyncProperty.generic.js:49:28)
      at asyncRunIt (node_modules/fast-check/lib/check/runner/Runner.js:37:21)
      at Object.<anonymous> (src/services/__tests__/CSVParsingService.property.test.ts:88:5)
      Hint: Enable verbose mode in order to have the list of all failing values encountered during the run
      at buildError (node_modules/fast-check/lib/check/runner/utils/RunDetailsFormatter.js:132:15)
      at asyncThrowIfFailed (node_modules/fast-check/lib/check/runner/utils/RunDetailsFormatter.js:149:11)

  ΓùÅ CSVParsingService Property Tests ΓÇ║ Property 9: CSV parsing validates positive dimensions

    Property failed after 1 tests
    { seed: -2010994914, path: "0:0:0:0:0:0:0:0:0:0:0:0:0:0:0:0:0:0", endOnFailure: true }
    Counterexample: ["!",0,0.1,0.1,0,1,"00000000-0000-1000-8000-000000000000"]
    Shrunk 17 time(s)
    Got error: CSV parsing failed. Errors: Row 1: item_length must be a positive number

    [0m [90m 68 |[39m     [90m// Validate required columns were present[39m
     [90m 69 |[39m     [36mif[39m (parseResult[33m.[39morders[33m.[39mlength [33m===[39m [35m0[39m [33m&&[39m 
parseResult[33m.[39minvalidRowCount [33m>[39m [35m0[39m) {
    [31m[1m>[22m[39m[90m 70 |[39m       [36mthrow[39m [36mnew[39m [33mError[39m(
     [90m    |[39m             [31m[1m^[22m[39m
     [90m 71 |[39m         [32m`CSV parsing failed. Errors: ${parseResult.errors.join(', ')}`[39m
     [90m 72 |[39m       )
     [90m 73 |[39m     }[0m

      at CSVParsingService.uploadCSV (src/services/CSVParsingService.ts:70:13)
      at src/services/__tests__/CSVParsingService.property.test.ts:175:23
      at AsyncProperty.run (node_modules/fast-check/lib/check/property/AsyncProperty.generic.js:49:28)
      at asyncRunIt (node_modules/fast-check/lib/check/runner/Runner.js:37:21)
      at Object.<anonymous> (src/services/__tests__/CSVParsingService.property.test.ts:147:5)
      Hint: Enable verbose mode in order to have the list of all failing values encountered during the run
      at buildError (node_modules/fast-check/lib/check/runner/utils/RunDetailsFormatter.js:132:15)
      at asyncThrowIfFailed (node_modules/fast-check/lib/check/runner/utils/RunDetailsFormatter.js:149:11)

  ΓùÅ CSVParsingService Property Tests ΓÇ║ Property 9: CSV parsing validates non-negative weight

    Property failed after 1 tests
    { seed: 1129132978, path: "0:0:0:0:0:0:0:0:0:0:0:0:0:0:0:0:0:0:0:0", endOnFailure: true }
    Counterexample: ["! ",0.1,0.1,0.1,-0.1,1,"00000000-0000-1000-8000-000000000000"]
    Shrunk 19 time(s)
    Got PrismaClientKnownRequestError: 
    Invalid `prisma.user.create()` invocation in
    D:\AI PACKAGING OPTIMIZER\src\services\__tests__\CSVParsingService.property.test.ts:207:29

      204 )
      205 
      206 // Create test user
    ΓåÆ 207 await prisma.user.create(
    Unique constraint failed on the fields: (`id`)

    [0m [90m 205 |[39m
     [90m 206 |[39m           [90m// Create test user[39m
    [31m[1m>[22m[39m[90m 207 |[39m           [36mawait[39m prisma[33m.[39muser[33m.[39mcreate({
     [90m     |[39m           [31m[1m^[22m[39m
     [90m 208 |[39m             data[33m:[39m {
     [90m 209 |[39m               id[33m:[39m userId[33m,[39m
     [90m 210 |[39m               email[33m:[39m [32m`test-${userId}@example.com`[39m[33m,[39m[0m

      at $n.handleRequestError (node_modules/@prisma/client/runtime/library.js:121:7315)
      at $n.handleAndLogRequestError (node_modules/@prisma/client/runtime/library.js:121:6623)
      at $n.request (node_modules/@prisma/client/runtime/library.js:121:6307)
      at l (node_modules/@prisma/client/runtime/library.js:130:9633)
      at src/services/__tests__/CSVParsingService.property.test.ts:207:11
      at AsyncProperty.run (node_modules/fast-check/lib/check/property/AsyncProperty.generic.js:49:28)
      at asyncRunIt (node_modules/fast-check/lib/check/runner/Runner.js:37:21)
      at Object.<anonymous> (src/services/__tests__/CSVParsingService.property.test.ts:190:5)
      Hint: Enable verbose mode in order to have the list of all failing values encountered during the run
      at buildError (node_modules/fast-check/lib/check/runner/utils/RunDetailsFormatter.js:132:15)
      at asyncThrowIfFailed (node_modules/fast-check/lib/check/runner/utils/RunDetailsFormatter.js:149:11)

  ΓùÅ CSVParsingService Property Tests ΓÇ║ Property 9: CSV parsing validates positive integer quantity

    Property failed after 1 tests
    { seed: -1915053686, path: "0:0:0:0:0:0:0:0:0:0:0:0:0:0:0:0:0:0", endOnFailure: true }
    Counterexample: ["!",0.1,0.1,0.1,0,0,"00000000-0000-1000-8000-000000000000"]
    Shrunk 17 time(s)
    Got PrismaClientKnownRequestError: 
    Invalid `prisma.user.create()` invocation in
    D:\AI PACKAGING OPTIMIZER\src\services\__tests__\CSVParsingService.property.test.ts:253:29

      250 )
      251 
      252 // Create test user
    ΓåÆ 253 await prisma.user.create(
    Unique constraint failed on the fields: (`id`)

    [0m [90m 251 |[39m
     [90m 252 |[39m           [90m// Create test user[39m
    [31m[1m>[22m[39m[90m 253 |[39m           [36mawait[39m prisma[33m.[39muser[33m.[39mcreate({
     [90m     |[39m           [31m[1m^[22m[39m
     [90m 254 |[39m             data[33m:[39m {
     [90m 255 |[39m               id[33m:[39m userId[33m,[39m
     [90m 256 |[39m               email[33m:[39m [32m`test-${userId}@example.com`[39m[33m,[39m[0m

      at $n.handleRequestError (node_modules/@prisma/client/runtime/library.js:121:7315)
      at $n.handleAndLogRequestError (node_modules/@prisma/client/runtime/library.js:121:6623)
      at $n.request (node_modules/@prisma/client/runtime/library.js:121:6307)
      at l (node_modules/@prisma/client/runtime/library.js:130:9633)
      at src/services/__tests__/CSVParsingService.property.test.ts:253:11
      at AsyncProperty.run (node_modules/fast-check/lib/check/property/AsyncProperty.generic.js:49:28)
      at asyncRunIt (node_modules/fast-check/lib/check/runner/Runner.js:37:21)
      at Object.<anonymous> (src/services/__tests__/CSVParsingService.property.test.ts:233:5)
      Hint: Enable verbose mode in order to have the list of all failing values encountered during the run
      at buildError (node_modules/fast-check/lib/check/runner/utils/RunDetailsFormatter.js:132:15)
      at asyncThrowIfFailed (node_modules/fast-check/lib/check/runner/utils/RunDetailsFormatter.js:149:11)

A worker process has failed to exit gracefully and has been force exited. This is likely caused by tests leaking due to improper teardown. Try 
running with --detectOpenHandles to find leaks. Active timers can also cause this, ensure that .unref() was called on them.
Test Suites: 14 failed, 1 passed, 15 total
Tests:       31 failed, 51 passed, 82 total
Snapshots:   0 total
Time:        13.968 s
Ran all test suites.
